MPLINK 4.46, Linker
Linker Map File - Created Thu Mar 28 22:20:45 2024

                                 Section Info
                  Section       Type    Address   Location Size(Bytes)
                ---------  ---------  ---------  ---------  ---------
                   .org_0       code   0x000000    program   0x000000
                   .org_1       code   0x000000    program   0x000002
                   .org_2       code   0x000005    program   0x000024



                              Program Memory Usage 
                               Start         End      
                           ---------   ---------      
                            0x000000    0x000000      
                            0x000005    0x000016      
            19 out of 8454 program addresses used, program memory utilization is 0%



                              Symbols - Sorted by Name
                     Name    Address   Location    Storage File                     
                ---------  ---------  ---------  --------- ---------                
                   inicio   0x000010    program     static C:\Users\IsraCode\Documents\FI\2024-2\microcomputadoras\p1\Multiplicacion\multiplicacion.asm
          revisa_contador   0x000005    program     static C:\Users\IsraCode\Documents\FI\2024-2\microcomputadoras\p1\Multiplicacion\multiplicacion.asm
              sigue_ciclo   0x000008    program     static C:\Users\IsraCode\Documents\FI\2024-2\microcomputadoras\p1\Multiplicacion\multiplicacion.asm
                     suma   0x00000a    program     static C:\Users\IsraCode\Documents\FI\2024-2\microcomputadoras\p1\Multiplicacion\multiplicacion.asm
                 terminar   0x000016    program     static C:\Users\IsraCode\Documents\FI\2024-2\microcomputadoras\p1\Multiplicacion\multiplicacion.asm



                              Symbols - Sorted by Address
                     Name    Address   Location    Storage File                     
                ---------  ---------  ---------  --------- ---------                
          revisa_contador   0x000005    program     static C:\Users\IsraCode\Documents\FI\2024-2\microcomputadoras\p1\Multiplicacion\multiplicacion.asm
              sigue_ciclo   0x000008    program     static C:\Users\IsraCode\Documents\FI\2024-2\microcomputadoras\p1\Multiplicacion\multiplicacion.asm
                     suma   0x00000a    program     static C:\Users\IsraCode\Documents\FI\2024-2\microcomputadoras\p1\Multiplicacion\multiplicacion.asm
                   inicio   0x000010    program     static C:\Users\IsraCode\Documents\FI\2024-2\microcomputadoras\p1\Multiplicacion\multiplicacion.asm
                 terminar   0x000016    program     static C:\Users\IsraCode\Documents\FI\2024-2\microcomputadoras\p1\Multiplicacion\multiplicacion.asm


