MPLINK 4.46, Linker
Linker Map File - Created Sun May 05 21:52:12 2024

                                 Section Info
                  Section       Type    Address   Location Size(Bytes)
                ---------  ---------  ---------  ---------  ---------
                   .org_0       code   0x000000    program   0x000000
                   .org_1       code   0x000000    program   0x000002
                   .org_2       code   0x000004    program   0x000028



                              Program Memory Usage 
                               Start         End      
                           ---------   ---------      
                            0x000000    0x000000      
                            0x000004    0x000017      
            21 out of 8454 program addresses used, program memory utilization is 0%



                              Symbols - Sorted by Name
                     Name    Address   Location    Storage File                     
                ---------  ---------  ---------  --------- ---------                
              bucle_boton   0x00000b    program     static C:\Users\IsraCode\Documents\FI\2024-2\micros\jalapenochips\teoChips\proyectoJuego\pruebasBuzzerLed.asm
            ciclo_retardo   0x000015    program     static C:\Users\IsraCode\Documents\FI\2024-2\micros\jalapenochips\teoChips\proyectoJuego\pruebasBuzzerLed.asm
         espera_1_segundo   0x000013    program     static C:\Users\IsraCode\Documents\FI\2024-2\micros\jalapenochips\teoChips\proyectoJuego\pruebasBuzzerLed.asm
                   inicio   0x000004    program     static C:\Users\IsraCode\Documents\FI\2024-2\micros\jalapenochips\teoChips\proyectoJuego\pruebasBuzzerLed.asm



                              Symbols - Sorted by Address
                     Name    Address   Location    Storage File                     
                ---------  ---------  ---------  --------- ---------                
                   inicio   0x000004    program     static C:\Users\IsraCode\Documents\FI\2024-2\micros\jalapenochips\teoChips\proyectoJuego\pruebasBuzzerLed.asm
              bucle_boton   0x00000b    program     static C:\Users\IsraCode\Documents\FI\2024-2\micros\jalapenochips\teoChips\proyectoJuego\pruebasBuzzerLed.asm
         espera_1_segundo   0x000013    program     static C:\Users\IsraCode\Documents\FI\2024-2\micros\jalapenochips\teoChips\proyectoJuego\pruebasBuzzerLed.asm
            ciclo_retardo   0x000015    program     static C:\Users\IsraCode\Documents\FI\2024-2\micros\jalapenochips\teoChips\proyectoJuego\pruebasBuzzerLed.asm


