MPLINK 4.46, Linker
Linker Map File - Created Wed Apr 10 15:31:45 2024

                                 Section Info
                  Section       Type    Address   Location Size(Bytes)
                ---------  ---------  ---------  ---------  ---------
                   .org_0       code   0x000000    program   0x000000
                   .org_1       code   0x000000    program   0x000002
                   .org_2       code   0x000005    program   0x000090



                              Program Memory Usage 
                               Start         End      
                           ---------   ---------      
                            0x000000    0x000000      
                            0x000005    0x00004c      
            73 out of 8454 program addresses used, program memory utilization is 0%



                              Symbols - Sorted by Name
                     Name    Address   Location    Storage File                     
                ---------  ---------  ---------  --------- ---------                
                  comando   0x000027    program     static C:\Users\IsraCode\Documents\FI\2024-2\micros\jalapenochips\teoChips\proyecto1\Proyecto[1].asm
                    datos   0x00002e    program     static C:\Users\IsraCode\Documents\FI\2024-2\micros\jalapenochips\teoChips\proyecto1\Proyecto[1].asm
                      dos   0x000044    program     static C:\Users\IsraCode\Documents\FI\2024-2\micros\jalapenochips\teoChips\proyecto1\Proyecto[1].asm
               inicia_lcd   0x000016    program     static C:\Users\IsraCode\Documents\FI\2024-2\micros\jalapenochips\teoChips\proyecto1\Proyecto[1].asm
                   inicio   0x000005    program     static C:\Users\IsraCode\Documents\FI\2024-2\micros\jalapenochips\teoChips\proyecto1\Proyecto[1].asm
                     loop   0x000039    program     static C:\Users\IsraCode\Documents\FI\2024-2\micros\jalapenochips\teoChips\proyecto1\Proyecto[1].asm
                    loop1   0x00003b    program     static C:\Users\IsraCode\Documents\FI\2024-2\micros\jalapenochips\teoChips\proyecto1\Proyecto[1].asm
                 ret100ms   0x000040    program     static C:\Users\IsraCode\Documents\FI\2024-2\micros\jalapenochips\teoChips\proyecto1\Proyecto[1].asm
                   ret200   0x000037    program     static C:\Users\IsraCode\Documents\FI\2024-2\micros\jalapenochips\teoChips\proyecto1\Proyecto[1].asm
                     tres   0x000042    program     static C:\Users\IsraCode\Documents\FI\2024-2\micros\jalapenochips\teoChips\proyecto1\Proyecto[1].asm
                      uno   0x000046    program     static C:\Users\IsraCode\Documents\FI\2024-2\micros\jalapenochips\teoChips\proyecto1\Proyecto[1].asm



                              Symbols - Sorted by Address
                     Name    Address   Location    Storage File                     
                ---------  ---------  ---------  --------- ---------                
                   inicio   0x000005    program     static C:\Users\IsraCode\Documents\FI\2024-2\micros\jalapenochips\teoChips\proyecto1\Proyecto[1].asm
               inicia_lcd   0x000016    program     static C:\Users\IsraCode\Documents\FI\2024-2\micros\jalapenochips\teoChips\proyecto1\Proyecto[1].asm
                  comando   0x000027    program     static C:\Users\IsraCode\Documents\FI\2024-2\micros\jalapenochips\teoChips\proyecto1\Proyecto[1].asm
                    datos   0x00002e    program     static C:\Users\IsraCode\Documents\FI\2024-2\micros\jalapenochips\teoChips\proyecto1\Proyecto[1].asm
                   ret200   0x000037    program     static C:\Users\IsraCode\Documents\FI\2024-2\micros\jalapenochips\teoChips\proyecto1\Proyecto[1].asm
                     loop   0x000039    program     static C:\Users\IsraCode\Documents\FI\2024-2\micros\jalapenochips\teoChips\proyecto1\Proyecto[1].asm
                    loop1   0x00003b    program     static C:\Users\IsraCode\Documents\FI\2024-2\micros\jalapenochips\teoChips\proyecto1\Proyecto[1].asm
                 ret100ms   0x000040    program     static C:\Users\IsraCode\Documents\FI\2024-2\micros\jalapenochips\teoChips\proyecto1\Proyecto[1].asm
                     tres   0x000042    program     static C:\Users\IsraCode\Documents\FI\2024-2\micros\jalapenochips\teoChips\proyecto1\Proyecto[1].asm
                      dos   0x000044    program     static C:\Users\IsraCode\Documents\FI\2024-2\micros\jalapenochips\teoChips\proyecto1\Proyecto[1].asm
                      uno   0x000046    program     static C:\Users\IsraCode\Documents\FI\2024-2\micros\jalapenochips\teoChips\proyecto1\Proyecto[1].asm


