MPLINK 4.46, Linker
Linker Map File - Created Mon Apr 15 23:05:04 2024

                                 Section Info
                  Section       Type    Address   Location Size(Bytes)
                ---------  ---------  ---------  ---------  ---------
                   .org_0       code   0x000000    program   0x000000
                   .org_1       code   0x000000    program   0x000038



                              Program Memory Usage 
                               Start         End      
                           ---------   ---------      
                            0x000000    0x00001b      
            28 out of 8454 program addresses used, program memory utilization is 0%



                              Symbols - Sorted by Name
                     Name    Address   Location    Storage File                     
                ---------  ---------  ---------  --------- ---------                
      APAGAR_LED_Y_BUZZER   0x000019    program     static C:\Users\IsraCode\Documents\FI\2024-2\micros\jalapenochips\teoChips\buzzerled\buzzerled.asm
        BOTÓN_PRESIONADO   0x00000d    program     static C:\Users\IsraCode\Documents\FI\2024-2\micros\jalapenochips\teoChips\buzzerled\buzzerled.asm
    ENCENDER_LED_Y_BUZZER   0x000012    program     static C:\Users\IsraCode\Documents\FI\2024-2\micros\jalapenochips\teoChips\buzzerled\buzzerled.asm
                  ESPERAR   0x000016    program     static C:\Users\IsraCode\Documents\FI\2024-2\micros\jalapenochips\teoChips\buzzerled\buzzerled.asm
                   INICIO   0x000001    program     static C:\Users\IsraCode\Documents\FI\2024-2\micros\jalapenochips\teoChips\buzzerled\buzzerled.asm
                     LOOP   0x00000a    program     static C:\Users\IsraCode\Documents\FI\2024-2\micros\jalapenochips\teoChips\buzzerled\buzzerled.asm



                              Symbols - Sorted by Address
                     Name    Address   Location    Storage File                     
                ---------  ---------  ---------  --------- ---------                
                   INICIO   0x000001    program     static C:\Users\IsraCode\Documents\FI\2024-2\micros\jalapenochips\teoChips\buzzerled\buzzerled.asm
                     LOOP   0x00000a    program     static C:\Users\IsraCode\Documents\FI\2024-2\micros\jalapenochips\teoChips\buzzerled\buzzerled.asm
        BOTÓN_PRESIONADO   0x00000d    program     static C:\Users\IsraCode\Documents\FI\2024-2\micros\jalapenochips\teoChips\buzzerled\buzzerled.asm
    ENCENDER_LED_Y_BUZZER   0x000012    program     static C:\Users\IsraCode\Documents\FI\2024-2\micros\jalapenochips\teoChips\buzzerled\buzzerled.asm
                  ESPERAR   0x000016    program     static C:\Users\IsraCode\Documents\FI\2024-2\micros\jalapenochips\teoChips\buzzerled\buzzerled.asm
      APAGAR_LED_Y_BUZZER   0x000019    program     static C:\Users\IsraCode\Documents\FI\2024-2\micros\jalapenochips\teoChips\buzzerled\buzzerled.asm


